// Jest Snapshot v1, https://goo.gl/fbAQLP

exports[`<CartPage /> renders correctly 1`] = `
{
  "asFragment": [Function],
  "baseElement": <body
    style="padding-right: 1024px; overflow: hidden;"
  >
    <div
      aria-hidden="true"
    >
      <div
        aria-hidden="true"
        class="MuiBackdrop-root css-sox5kk-MuiBackdrop-root"
        style="opacity: 1; webkit-transition: opacity 225ms cubic-bezier(0.4, 0, 0.2, 1) 0ms; transition: opacity 225ms cubic-bezier(0.4, 0, 0.2, 1) 0ms;"
      />
    </div>
    <div
      class="MuiModal-root MuiDialog-root css-29ydf2-MuiModal-root-MuiDialog-root"
      role="presentation"
    >
      <div
        aria-hidden="true"
        class="MuiBackdrop-root MuiModal-backdrop css-yiavyu-MuiBackdrop-root-MuiDialog-backdrop"
        style="opacity: 1; webkit-transition: opacity 225ms cubic-bezier(0.4, 0, 0.2, 1) 0ms; transition: opacity 225ms cubic-bezier(0.4, 0, 0.2, 1) 0ms;"
      />
      <div
        data-testid="sentinelStart"
        tabindex="0"
      />
      <div
        class="MuiDialog-container MuiDialog-scrollPaper css-1sep8xo-MuiDialog-container"
        role="presentation"
        style="webkit-transform: none; transform: none; webkit-transition: -webkit-transform 225ms cubic-bezier(0.0, 0, 0.2, 1) 0ms; transition: transform 225ms cubic-bezier(0.0, 0, 0.2, 1) 0ms;"
        tabindex="-1"
      >
        <div
          aria-labelledby=":r0:"
          class="MuiPaper-root MuiPaper-elevation MuiPaper-rounded MuiPaper-elevation24 MuiDialog-paper MuiDialog-paperScrollPaper MuiDialog-paperWidthSm MuiDialog-paperFullScreen css-hlf5l-MuiPaper-root-MuiDialog-paper"
          role="dialog"
        >
          <h2
            class="MuiTypography-root MuiTypography-h6 MuiDialogTitle-root css-jp4g6a-MuiTypography-root-MuiDialogTitle-root"
            id=":r0:"
          >
            <h6
              class="MuiTypography-root MuiTypography-h6 MuiTypography-gutterBottom css-1ywgf30-MuiTypography-root"
            >
              cart.title
            </h6>
          </h2>
          <div
            class="MuiDialogContent-root MuiDialogContent-dividers css-1t4vnk2-MuiDialogContent-root"
          >
            <div
              class="MuiContainer-root MuiContainer-maxWidthLg css-1oqqzyl-MuiContainer-root"
            >
              <div
                class="MuiBox-root css-0"
              >
                <div
                  class="MuiBox-root css-1n651cb"
                >
                  <div
                    class="MuiContainer-root MuiContainer-maxWidthLg css-1oqqzyl-MuiContainer-root"
                  >
                    <div
                      class="MuiStack-root css-5andtu-MuiStack-root"
                    >
                      <h4
                        class="MuiTypography-root MuiTypography-h4 MuiTypography-gutterBottom css-u2yth7-MuiTypography-root"
                      >
                        cart.list_title
                      </h4>
                      <div
                        class="MuiBox-root css-0"
                      >
                        <div
                          class="MuiPaper-root MuiPaper-elevation MuiPaper-rounded MuiPaper-elevation1 MuiAccordion-root MuiAccordion-rounded MuiAccordion-gutters css-1tkc62k-MuiPaper-root-MuiAccordion-root"
                        >
                          <div
                            aria-expanded="false"
                            class="MuiButtonBase-root MuiAccordionSummary-root MuiAccordionSummary-gutters css-sh22l5-MuiButtonBase-root-MuiAccordionSummary-root"
                            role="button"
                            tabindex="0"
                          >
                            <div
                              class="MuiAccordionSummary-content MuiAccordionSummary-contentGutters css-o4b71y-MuiAccordionSummary-content"
                            >
                              <div
                                class="MuiGrid2-root MuiGrid2-container MuiGrid2-direction-xs-row MuiGrid2-spacing-xs-2 css-1psjskm-MuiGrid2-root"
                              >
                                <div
                                  class="MuiGrid2-root MuiGrid2-direction-xs-row MuiGrid2-grid-xs-12 MuiGrid2-grid-sm-6 MuiGrid2-grid-md-4 MuiGrid2-grid-lg-3 css-12xj993-MuiGrid2-root"
                                >
                                  <div
                                    class="MuiPaper-root MuiPaper-elevation MuiPaper-rounded MuiPaper-elevation1 MuiCard-root css-f6z5rr-MuiPaper-root-MuiCard-root"
                                  >
                                    <div
                                      class="MuiBox-root css-1sm2s1z"
                                    >
                                      <div
                                        class="MuiBox-root css-1rr4qq7"
                                      >
                                        <button
                                          class="MuiButtonBase-root MuiCardActionArea-root css-10pclym-MuiButtonBase-root-MuiCardActionArea-root"
                                          tabindex="0"
                                          type="button"
                                        >
                                          <div
                                            class="MuiBox-root css-4rmlxi"
                                          >
                                            <div
                                              class="MuiCardContent-root css-1qk9xnj-MuiCardContent-root"
                                            >
                                              <h6
                                                class="MuiTypography-root MuiTypography-h6 MuiTypography-gutterBottom css-1ywgf30-MuiTypography-root"
                                                title="Google Chrome"
                                              >
                                                Google Chrome
                                              </h6>
                                              <p
                                                class="MuiTypography-root MuiTypography-body1 css-1qnobji-MuiTypography-root"
                                                title="Download the new Google Chrome for your iPhone and iPad. Now more simple, secure and faster than ever. Get the best of Google Search, and easily sync your bookmarks and passwords with Chrome on your laptop. Download the fast, secure browser recommended by Google."
                                              >
                                                Download the new Google Chrome for your iPhone and iPad. Now more simple, secure and faster than ever. Get the best of Google Search, and easily sync your bookmarks and passwords with Chrome on your laptop. Download the fast, secure browser recommended by Google.
                                              </p>
                                              <div
                                                class="MuiBox-root css-13brihr"
                                              />
                                            </div>
                                          </div>
                                          <span
                                            class="MuiCardActionArea-focusHighlight css-1v2exvi-MuiCardActionArea-focusHighlight"
                                          />
                                          <span
                                            class="MuiTouchRipple-root css-8je8zh-MuiTouchRipple-root"
                                          />
                                        </button>
                                      </div>
                                      <div
                                        class="MuiCardActions-root MuiCardActions-spacing css-11leuus-MuiCardActions-root"
                                      >
                                        <button
                                          class="MuiButtonBase-root MuiButton-root MuiButton-text MuiButton-textInfo MuiButton-sizeSmall MuiButton-textSizeSmall MuiButton-root MuiButton-text MuiButton-textInfo MuiButton-sizeSmall MuiButton-textSizeSmall css-1ujgr8z-MuiButtonBase-root-MuiButton-root"
                                          tabindex="0"
                                          type="button"
                                        >
                                          package.more_info
                                          <span
                                            class="MuiTouchRipple-root css-8je8zh-MuiTouchRipple-root"
                                          />
                                        </button>
                                      </div>
                                    </div>
                                  </div>
                                </div>
                              </div>
                            </div>
                          </div>
                          <div
                            class="MuiCollapse-root MuiCollapse-vertical MuiCollapse-hidden css-bz4dnt-MuiCollapse-root"
                            style="min-height: 0px;"
                          >
                            <div
                              class="MuiCollapse-wrapper MuiCollapse-vertical css-smkl36-MuiCollapse-wrapper"
                            >
                              <div
                                class="MuiCollapse-wrapperInner MuiCollapse-vertical css-9l5vo-MuiCollapse-wrapperInner"
                              >
                                <div
                                  class="MuiAccordion-region"
                                  role="region"
                                />
                              </div>
                            </div>
                          </div>
                        </div>
                      </div>
                    </div>
                  </div>
                </div>
              </div>
              <hr
                class="MuiDivider-root MuiDivider-fullWidth css-9mgopn-MuiDivider-root"
              />
              <hr
                class="MuiDivider-root MuiDivider-fullWidth css-9mgopn-MuiDivider-root"
              />
              <p
                class="MuiTypography-root MuiTypography-body1 MuiTypography-gutterBottom css-1bsgx50-MuiTypography-root"
              >
                cart.instruction
              </p>
              <div
                class="MuiInputBase-root MuiOutlinedInput-root MuiInputBase-colorPrimary MuiInputBase-fullWidth MuiInputBase-adornedEnd css-17je5yw-MuiInputBase-root-MuiOutlinedInput-root"
              >
                <input
                  class="MuiInputBase-input MuiOutlinedInput-input MuiInputBase-inputAdornedEnd css-nxo287-MuiInputBase-input-MuiOutlinedInput-input"
                  type="text"
                  value="/bin/bash -c "$(curl -fsSL 'undefined/api/carts/1')""
                />
                <div
                  class="MuiInputAdornment-root MuiInputAdornment-positionEnd css-1laqsz7-MuiInputAdornment-root"
                >
                  <button
                    aria-label="cart.copy.action"
                    class="MuiButtonBase-root MuiIconButton-root MuiIconButton-edgeEnd MuiIconButton-sizeMedium css-1yq5fb3-MuiButtonBase-root-MuiIconButton-root"
                    data-mui-internal-clone-element="true"
                    tabindex="0"
                    type="button"
                  >
                    <svg
                      aria-hidden="true"
                      class="MuiSvgIcon-root MuiSvgIcon-fontSizeMedium css-i4bv87-MuiSvgIcon-root"
                      data-testid="ContentCopyIcon"
                      focusable="false"
                      viewBox="0 0 24 24"
                    >
                      <path
                        d="M16 1H4c-1.1 0-2 .9-2 2v14h2V3h12V1zm3 4H8c-1.1 0-2 .9-2 2v14c0 1.1.9 2 2 2h11c1.1 0 2-.9 2-2V7c0-1.1-.9-2-2-2zm0 16H8V7h11v14z"
                      />
                    </svg>
                    <span
                      class="MuiTouchRipple-root css-8je8zh-MuiTouchRipple-root"
                    />
                  </button>
                </div>
                <fieldset
                  aria-hidden="true"
                  class="MuiOutlinedInput-notchedOutline css-1d3z3hw-MuiOutlinedInput-notchedOutline"
                >
                  <legend
                    class="css-ihdtdm"
                  >
                    <span
                      class="notranslate"
                    >
                      ​
                    </span>
                  </legend>
                </fieldset>
              </div>
            </div>
          </div>
        </div>
      </div>
      <div
        data-testid="sentinelEnd"
        tabindex="0"
      />
    </div>
  </body>,
  "container": <div
    aria-hidden="true"
  >
    <div
      aria-hidden="true"
      class="MuiBackdrop-root css-sox5kk-MuiBackdrop-root"
      style="opacity: 1; webkit-transition: opacity 225ms cubic-bezier(0.4, 0, 0.2, 1) 0ms; transition: opacity 225ms cubic-bezier(0.4, 0, 0.2, 1) 0ms;"
    />
  </div>,
  "debug": [Function],
  "findAllByAltText": [Function],
  "findAllByDisplayValue": [Function],
  "findAllByLabelText": [Function],
  "findAllByPlaceholderText": [Function],
  "findAllByRole": [Function],
  "findAllByTestId": [Function],
  "findAllByText": [Function],
  "findAllByTitle": [Function],
  "findByAltText": [Function],
  "findByDisplayValue": [Function],
  "findByLabelText": [Function],
  "findByPlaceholderText": [Function],
  "findByRole": [Function],
  "findByTestId": [Function],
  "findByText": [Function],
  "findByTitle": [Function],
  "getAllByAltText": [Function],
  "getAllByDisplayValue": [Function],
  "getAllByLabelText": [Function],
  "getAllByPlaceholderText": [Function],
  "getAllByRole": [Function],
  "getAllByTestId": [Function],
  "getAllByText": [Function],
  "getAllByTitle": [Function],
  "getByAltText": [Function],
  "getByDisplayValue": [Function],
  "getByLabelText": [Function],
  "getByPlaceholderText": [Function],
  "getByRole": [Function],
  "getByTestId": [Function],
  "getByText": [Function],
  "getByTitle": [Function],
  "queryAllByAltText": [Function],
  "queryAllByDisplayValue": [Function],
  "queryAllByLabelText": [Function],
  "queryAllByPlaceholderText": [Function],
  "queryAllByRole": [Function],
  "queryAllByTestId": [Function],
  "queryAllByText": [Function],
  "queryAllByTitle": [Function],
  "queryByAltText": [Function],
  "queryByDisplayValue": [Function],
  "queryByLabelText": [Function],
  "queryByPlaceholderText": [Function],
  "queryByRole": [Function],
  "queryByTestId": [Function],
  "queryByText": [Function],
  "queryByTitle": [Function],
  "rerender": [Function],
  "unmount": [Function],
}
`;
